[    0.000000] Linux version 4.15.0-130-generic (buildd@lcy01-amd64-018) (gcc version 7.5.0 (Ubuntu 7.5.0-3ubuntu1~18.04)) #134-Ubuntu SMP Tue Jan 5 20:46:26 UTC 2021 (Ubuntu 4.15.0-130.134-generic 4.15.18)
[    0.000000] Command line: BOOT_IMAGE=/boot/vmlinuz-4.15.0-130-generic root=LABEL=cloudimg-rootfs ro console=tty1 console=ttyS0
[    0.000000] KERNEL supported cpus:
[    0.000000]   Intel GenuineIntel
[    0.000000]   AMD AuthenticAMD
[    0.000000]   Centaur CentaurHauls
[    0.000000] x86/fpu: x87 FPU will use FXSAVE
[    0.000000] e820: BIOS-provided physical RAM map:
[    0.000000] BIOS-e820: [mem 0x0000000000000000-0x000000000009fbff] usable
[    0.000000] BIOS-e820: [mem 0x000000000009fc00-0x000000000009ffff] reserved
[    0.000000] BIOS-e820: [mem 0x00000000000f0000-0x00000000000fffff] reserved
[    0.000000] BIOS-e820: [mem 0x0000000000100000-0x000000003ffeffff] usable
[    0.000000] BIOS-e820: [mem 0x000000003fff0000-0x000000003fffffff] ACPI data
[    0.000000] BIOS-e820: [mem 0x00000000fec00000-0x00000000fec00fff] reserved
[    0.000000] BIOS-e820: [mem 0x00000000fee00000-0x00000000fee00fff] reserved
[    0.000000] BIOS-e820: [mem 0x00000000fffc0000-0x00000000ffffffff] reserved
[    0.000000] NX (Execute Disable) protection: active
[    0.000000] SMBIOS 2.5 present.
[    0.000000] DMI: innotek GmbH VirtualBox/VirtualBox, BIOS VirtualBox 12/01/2006
[    0.000000] Hypervisor detected: KVM
[    0.000000] e820: last_pfn = 0x3fff0 max_arch_pfn = 0x400000000
[    0.000000] MTRR: Disabled
[    0.000000] x86/PAT: MTRRs disabled, skipping PAT initialization too.
[    0.000000] CPU MTRRs all blank - virtualized system.
[    0.000000] x86/PAT: Configuration [0-7]: WB  WT  UC- UC  WB  WT  UC- UC  
[    0.000000] found SMP MP-table at [mem 0x0009fff0-0x0009ffff]
[    0.000000] Scanning 1 areas for low memory corruption
[    0.000000] RAMDISK: [mem 0x35a65000-0x36d29fff]
[    0.000000] ACPI: Early table checksum verification disabled
[    0.000000] ACPI: RSDP 0x00000000000E0000 000024 (v02 VBOX  )
[    0.000000] ACPI: XSDT 0x000000003FFF0030 00003C (v01 VBOX   VBOXXSDT 00000001 ASL  00000061)
[    0.000000] ACPI: FACP 0x000000003FFF00F0 0000F4 (v04 VBOX   VBOXFACP 00000001 ASL  00000061)
[    0.000000] ACPI: DSDT 0x000000003FFF0470 002325 (v02 VBOX   VBOXBIOS 00000002 INTL 20100528)
[    0.000000] ACPI: FACS 0x000000003FFF0200 000040
[    0.000000] ACPI: FACS 0x000000003FFF0200 000040
[    0.000000] ACPI: APIC 0x000000003FFF0240 00005C (v02 VBOX   VBOXAPIC 00000001 ASL  00000061)
[    0.000000] ACPI: SSDT 0x000000003FFF02A0 0001CC (v01 VBOX   VBOXCPUT 00000002 INTL 20100528)
[    0.000000] No NUMA configuration found
[    0.000000] Faking a node at [mem 0x0000000000000000-0x000000003ffeffff]
[    0.000000] NODE_DATA(0) allocated [mem 0x3ffc5000-0x3ffeffff]
[    0.000000] kvm-clock: cpu 0, msr 0:3ff44001, primary cpu clock
[    0.000000] kvm-clock: Using msrs 4b564d01 and 4b564d00
[    0.000000] kvm-clock: using sched offset of 4860669799 cycles
[    0.000000] clocksource: kvm-clock: mask: 0xffffffffffffffff max_cycles: 0x1cd42e4dffb, max_idle_ns: 881590591483 ns
[    0.000000] Zone ranges:
[    0.000000]   DMA      [mem 0x0000000000001000-0x0000000000ffffff]
[    0.000000]   DMA32    [mem 0x0000000001000000-0x000000003ffeffff]
[    0.000000]   Normal   empty
[    0.000000]   Device   empty
[    0.000000] Movable zone start for each node
[    0.000000] Early memory node ranges
[    0.000000]   node   0: [mem 0x0000000000001000-0x000000000009efff]
[    0.000000]   node   0: [mem 0x0000000000100000-0x000000003ffeffff]
[    0.000000] Reserved but unavailable: 98 pages
[    0.000000] Initmem setup node 0 [mem 0x0000000000001000-0x000000003ffeffff]
[    0.000000] ACPI: PM-Timer IO Port: 0x4008
[    0.000000] IOAPIC[0]: apic_id 2, version 32, address 0xfec00000, GSI 0-23
[    0.000000] ACPI: INT_SRC_OVR (bus 0 bus_irq 0 global_irq 2 dfl dfl)
[    0.000000] ACPI: INT_SRC_OVR (bus 0 bus_irq 9 global_irq 9 low level)
[    0.000000] Using ACPI (MADT) for SMP configuration information
[    0.000000] smpboot: Allowing 2 CPUs, 0 hotplug CPUs
[    0.000000] PM: Registered nosave memory: [mem 0x00000000-0x00000fff]
[    0.000000] PM: Registered nosave memory: [mem 0x0009f000-0x0009ffff]
[    0.000000] PM: Registered nosave memory: [mem 0x000a0000-0x000effff]
[    0.000000] PM: Registered nosave memory: [mem 0x000f0000-0x000fffff]
[    0.000000] e820: [mem 0x40000000-0xfebfffff] available for PCI devices
[    0.000000] Booting paravirtualized kernel on KVM
[    0.000000] clocksource: refined-jiffies: mask: 0xffffffff max_cycles: 0xffffffff, max_idle_ns: 7645519600211568 ns
[    0.000000] random: get_random_bytes called from start_kernel+0x99/0x500 with crng_init=0
[    0.000000] setup_percpu: NR_CPUS:8192 nr_cpumask_bits:2 nr_cpu_ids:2 nr_node_ids:1
[    0.000000] percpu: Embedded 45 pages/cpu s147456 r8192 d28672 u1048576
[    0.000000] PV qspinlock hash table entries: 256 (order: 0, 4096 bytes)
[    0.000000] Built 1 zonelists, mobility grouping on.  Total pages: 257913
[    0.000000] Policy zone: DMA32
[    0.000000] Kernel command line: BOOT_IMAGE=/boot/vmlinuz-4.15.0-130-generic root=LABEL=cloudimg-rootfs ro console=tty1 console=ttyS0
[    0.000000] Memory: 983024K/1048120K available (12300K kernel code, 2482K rwdata, 4276K rodata, 2440K init, 2724K bss, 65096K reserved, 0K cma-reserved)
[    0.000000] SLUB: HWalign=64, Order=0-3, MinObjects=0, CPUs=2, Nodes=1
[    0.000000] Kernel/User page tables isolation: enabled
[    0.000000] ftrace: allocating 39421 entries in 154 pages
[    0.004000] Hierarchical RCU implementation.
[    0.004000] 	RCU restricting CPUs from NR_CPUS=8192 to nr_cpu_ids=2.
[    0.004000] 	Tasks RCU enabled.
[    0.004000] RCU: Adjusting geometry for rcu_fanout_leaf=16, nr_cpu_ids=2
[    0.004000] NR_IRQS: 524544, nr_irqs: 440, preallocated irqs: 16
[    0.004000] Console: colour VGA+ 80x25
[    0.004000] console [tty1] enabled
[    0.004000] console [ttyS0] enabled
[    0.004000] ACPI: Core revision 20170831
[    0.004000] ACPI: 2 ACPI AML tables successfully acquired and loaded
[    0.004000] APIC: Switch to symmetric I/O mode setup
[    0.004000] ..TIMER: vector=0x30 apic1=0 pin1=2 apic2=-1 pin2=-1
[    0.004000] tsc: Detected 2592.008 MHz processor
[    0.004000] Calibrating delay loop (skipped) preset value.. 5184.01 BogoMIPS (lpj=10368032)
[    0.004000] pid_max: default: 32768 minimum: 301
[    0.004000] Security Framework initialized
[    0.004000] Yama: becoming mindful.
[    0.004000] AppArmor: AppArmor initialized
[    0.004000] Dentry cache hash table entries: 131072 (order: 8, 1048576 bytes)
[    0.008308] Inode-cache hash table entries: 65536 (order: 7, 524288 bytes)
[    0.012074] Mount-cache hash table entries: 2048 (order: 2, 16384 bytes)
[    0.016073] Mountpoint-cache hash table entries: 2048 (order: 2, 16384 bytes)
[    0.021122] Last level iTLB entries: 4KB 64, 2MB 8, 4MB 8
[    0.024006] Last level dTLB entries: 4KB 64, 2MB 0, 4MB 0, 1GB 4
[    0.028004] Spectre V1 : Mitigation: usercopy/swapgs barriers and __user pointer sanitization
[    0.032003] Spectre V2 : Mitigation: Full generic retpoline
[    0.036002] Spectre V2 : Spectre v2 / SpectreRSB mitigation: Filling RSB on context switch
[    0.040003] Speculative Store Bypass: Vulnerable
[    0.044037] MDS: Mitigation: Clear CPU buffers
[    0.048146] Freeing SMP alternatives memory: 36K
[    0.182028] APIC calibration not consistent with PM-Timer: 114ms instead of 100ms
[    0.184000] APIC delta adjusted to PM-Timer: 6402064 (7317051)
[    0.184418] smpboot: CPU0: Intel(R) Core(TM) i7-9750H CPU @ 2.60GHz (family: 0x6, model: 0x9e, stepping: 0xa)
[    0.188420] Performance Events: unsupported p6 CPU model 158 no PMU driver, software events only.
[    0.192105] Hierarchical SRCU implementation.
[    0.196832] NMI watchdog: Perf event create on CPU 0 failed with -2
[    0.200003] NMI watchdog: Perf NMI watchdog permanently disabled
[    0.204317] smp: Bringing up secondary CPUs ...
[    0.208910] x86: Booting SMP configuration:
[    0.212002] .... node  #0, CPUs:      #1
[    0.004000] kvm-clock: cpu 1, msr 0:3ff44041, secondary cpu clock
[    0.220000] TSC synchronization [CPU#0 -> CPU#1]:
[    0.220000] Measured 54902 cycles TSC warp between CPUs, turning off TSC clock.
[    0.220000] tsc: Marking TSC unstable due to check_tsc_sync_source failed
[    0.224113] smp: Brought up 1 node, 2 CPUs
[    0.227339] smpboot: Max logical packages: 1
[    0.228082] smpboot: Total of 2 processors activated (10368.03 BogoMIPS)
[    0.232538] devtmpfs: initialized
[    0.236125] x86/mm: Memory block size: 128MB
[    0.240241] evm: security.selinux
[    0.242808] evm: security.SMACK64
[    0.244002] evm: security.SMACK64EXEC
[    0.246534] evm: security.SMACK64TRANSMUTE
[    0.248003] evm: security.SMACK64MMAP
[    0.250564] evm: security.apparmor
[    0.252003] evm: security.ima
[    0.254173] evm: security.capability
[    0.256524] clocksource: jiffies: mask: 0xffffffff max_cycles: 0xffffffff, max_idle_ns: 7645041785100000 ns
[    0.260111] futex hash table entries: 512 (order: 3, 32768 bytes)
[    0.264462] pinctrl core: initialized pinctrl subsystem
[    0.272003] RTC time:  9:46:55, date: 01/21/21
[    0.277113] NET: Registered protocol family 16
[    0.280010] audit: initializing netlink subsys (disabled)
[    0.284005] audit: type=2000 audit(1611222421.371:1): state=initialized audit_enabled=0 res=1
[    0.292005] cpuidle: using governor ladder
[    0.296006] cpuidle: using governor menu
[    0.298922] ACPI: bus type PCI registered
[    0.300004] acpiphp: ACPI Hot Plug PCI Controller Driver version: 0.5
[    0.304457] PCI: Using configuration type 1 for base access
[    0.312581] HugeTLB registered 2.00 MiB page size, pre-allocated 0 pages
[    0.320667] ACPI: Added _OSI(Module Device)
[    0.324016] ACPI: Added _OSI(Processor Device)
[    0.327173] ACPI: Added _OSI(3.0 _SCP Extensions)
[    0.328006] ACPI: Added _OSI(Processor Aggregator Device)
[    0.332006] ACPI: Added _OSI(Linux-Dell-Video)
[    0.335054] ACPI: Added _OSI(Linux-Lenovo-NV-HDMI-Audio)
[    0.340007] ACPI: Added _OSI(Linux-HPI-Hybrid-Graphics)
[    0.344046] ACPI: Executed 1 blocks of module-level executable AML code
[    0.351746] ACPI: Interpreter enabled
[    0.352012] ACPI: (supports S0 S5)
[    0.354415] ACPI: Using IOAPIC for interrupt routing
[    0.356357] PCI: Using host bridge windows from ACPI; if necessary, use "pci=nocrs" and report a bug
[    0.360198] ACPI: Enabled 2 GPEs in block 00 to 07
[    0.370032] ACPI: PCI Root Bridge [PCI0] (domain 0000 [bus 00-ff])
[    0.372007] acpi PNP0A03:00: _OSC: OS supports [ASPM ClockPM Segments MSI]
[    0.376625] acpi PNP0A03:00: _OSC: not requesting OS control; OS requires [ExtendedConfig ASPM ClockPM MSI]
[    0.380016] acpi PNP0A03:00: fail to add MMCONFIG information, can't access extended PCI configuration space under this bridge.
[    0.384546] PCI host bridge to bus 0000:00
[    0.388004] pci_bus 0000:00: root bus resource [io  0x0000-0x0cf7 window]
[    0.392005] pci_bus 0000:00: root bus resource [io  0x0d00-0xffff window]
[    0.396004] pci_bus 0000:00: root bus resource [mem 0x000a0000-0x000bffff window]
[    0.400005] pci_bus 0000:00: root bus resource [mem 0x40000000-0xfdffffff window]
[    0.404013] pci_bus 0000:00: root bus resource [bus 00-ff]
[    0.412165] pci 0000:00:01.1: legacy IDE quirk: reg 0x10: [io  0x01f0-0x01f7]
[    0.416003] pci 0000:00:01.1: legacy IDE quirk: reg 0x14: [io  0x03f6]
[    0.420004] pci 0000:00:01.1: legacy IDE quirk: reg 0x18: [io  0x0170-0x0177]
[    0.424004] pci 0000:00:01.1: legacy IDE quirk: reg 0x1c: [io  0x0376]
[    0.483476] pci 0000:00:07.0: quirk: [io  0x4000-0x403f] claimed by PIIX4 ACPI
[    0.484025] pci 0000:00:07.0: quirk: [io  0x4100-0x410f] claimed by PIIX4 SMB
[    0.494542] ACPI: PCI Interrupt Link [LNKA] (IRQs 5 9 10 *11)
[    0.496439] ACPI: PCI Interrupt Link [LNKB] (IRQs 5 9 *10 11)
[    0.504045] ACPI: PCI Interrupt Link [LNKC] (IRQs 5 *9 10 11)
[    0.508130] ACPI: PCI Interrupt Link [LNKD] (IRQs 5 9 10 *11)
[    0.512904] SCSI subsystem initialized
[    0.516381] pci 0000:00:02.0: vgaarb: setting as boot VGA device
[    0.520000] pci 0000:00:02.0: vgaarb: VGA device added: decodes=io+mem,owns=io+mem,locks=none
[    0.520008] pci 0000:00:02.0: vgaarb: bridge control possible
[    0.524003] vgaarb: loaded
[    0.526045] ACPI: bus type USB registered
[    0.528039] usbcore: registered new interface driver usbfs
[    0.532019] usbcore: registered new interface driver hub
[    0.536012] usbcore: registered new device driver usb
[    0.540360] EDAC MC: Ver: 3.0.0
[    0.544918] PCI: Using ACPI for IRQ routing
[    0.548652] NetLabel: Initializing
[    0.552002] NetLabel:  domain hash size = 128
[    0.554903] NetLabel:  protocols = UNLABELED CIPSOv4 CALIPSO
[    0.556017] NetLabel:  unlabeled traffic allowed by default
[    0.560356] clocksource: Switched to clocksource kvm-clock
[    0.614292] VFS: Disk quotas dquot_6.6.0
[    0.616957] VFS: Dquot-cache hash table entries: 512 (order 0, 4096 bytes)
[    0.622259] AppArmor: AppArmor Filesystem Enabled
[    0.625350] pnp: PnP ACPI init
[    0.625829] pnp: PnP ACPI: found 3 devices
[    0.670774] clocksource: acpi_pm: mask: 0xffffff max_cycles: 0xffffff, max_idle_ns: 2085701024 ns
[    0.672291] NET: Registered protocol family 2
[    0.680119] TCP established hash table entries: 8192 (order: 4, 65536 bytes)
[    0.686602] TCP bind hash table entries: 8192 (order: 5, 131072 bytes)
[    0.691530] TCP: Hash tables configured (established 8192 bind 8192)
[    0.695018] UDP hash table entries: 512 (order: 2, 16384 bytes)
[    0.695018] UDP-Lite hash table entries: 512 (order: 2, 16384 bytes)
[    0.695018] NET: Registered protocol family 1
[    0.695018] pci 0000:00:00.0: Limiting direct PCI/PCI transfers
[    0.695018] pci 0000:00:01.0: Activating ISA DMA hang workarounds
[    0.695018] pci 0000:00:02.0: Video device with shadowed ROM at [mem 0x000c0000-0x000dffff]
[    0.695018] Unpacking initramfs...
[    0.695018] Freeing initrd memory: 19220K
[    0.695018] clocksource: tsc: mask: 0xffffffffffffffff max_cycles: 0x255cbea3061, max_idle_ns: 440795313801 ns
[    1.222550] platform rtc_cmos: registered platform RTC device (no PNP device found)
[    1.228061] Scanning for low memory corruption every 60 seconds
[    1.234139] Initialise system trusted keyrings
[    1.237511] Key type blacklist registered
[    1.240896] workingset: timestamp_bits=36 max_order=18 bucket_order=0
[    1.248243] zbud: loaded
[    1.252061] squashfs: version 4.0 (2009/01/31) Phillip Lougher
[    1.257675] fuse init (API version 7.26)
[    1.285740] Key type asymmetric registered
[    1.289032] Asymmetric key parser 'x509' registered
[    1.292389] Block layer SCSI generic (bsg) driver version 0.4 loaded (major 246)
[    1.301398] io scheduler noop registered
[    1.304530] io scheduler deadline registered
[    1.307623] io scheduler cfq registered (default)
[    1.313073] ACPI: AC Adapter [AC] (on-line)
[    1.316305] input: Power Button as /devices/LNXSYSTM:00/LNXPWRBN:00/input/input0
[    1.321823] ACPI: Power Button [PWRF]
[    1.326181] input: Sleep Button as /devices/LNXSYSTM:00/LNXSLPBN:00/input/input1
[    1.332158] ACPI: Sleep Button [SLPF]
[    1.335611] Serial: 8250/16550 driver, 32 ports, IRQ sharing enabled
[    1.336807] ACPI: Battery Slot [BAT0] (battery present)
[    1.369285] 00:02: ttyS0 at I/O 0x3f8 (irq = 4, base_baud = 115200) is a 16550A
[    1.372821] Linux agpgart interface v0.103
[    1.382829] loop: module loaded
[    1.387481] scsi host0: ata_piix
[    1.391479] scsi host1: ata_piix
[    1.394201] ata1: PATA max UDMA/33 cmd 0x1f0 ctl 0x3f6 bmdma 0xd000 irq 14
[    1.398115] ata2: PATA max UDMA/33 cmd 0x170 ctl 0x376 bmdma 0xd008 irq 15
[    1.404181] libphy: Fixed MDIO Bus: probed
[    1.407952] tun: Universal TUN/TAP device driver, 1.6
[    1.412190] PPP generic driver version 2.4.2
[    1.415443] ehci_hcd: USB 2.0 'Enhanced' Host Controller (EHCI) Driver
[    1.416135] ehci-pci: EHCI PCI platform driver
[    1.416135] ehci-platform: EHCI generic platform driver
[    1.416135] ohci_hcd: USB 1.1 'Open' Host Controller (OHCI) Driver
[    1.416135] ohci-pci: OHCI PCI platform driver
[    1.416135] ohci-platform: OHCI generic platform driver
[    1.416135] uhci_hcd: USB Universal Host Controller Interface driver
[    1.416135] i8042: PNP: PS/2 Controller [PNP0303:PS2K,PNP0f03:PS2M] at 0x60,0x64 irq 1,12
[    1.416135] serio: i8042 KBD port at 0x60,0x64 irq 1
[    1.416135] serio: i8042 AUX port at 0x60,0x64 irq 12
[    1.416135] mousedev: PS/2 mouse device common for all mice
[    1.462113] rtc_cmos rtc_cmos: rtc core: registered rtc_cmos as rtc0
[    1.468594] rtc_cmos rtc_cmos: alarms up to one day, 114 bytes nvram
[    1.473989] i2c /dev entries driver
[    1.477313] input: AT Translated Set 2 keyboard as /devices/platform/i8042/serio0/input/input2
[    1.483311] device-mapper: uevent: version 1.0.3
[    1.487808] device-mapper: ioctl: 4.37.0-ioctl (2017-09-20) initialised: dm-devel@redhat.com
[    1.495755] ledtrig-cpu: registered to indicate activity on CPUs
[    1.503560] NET: Registered protocol family 10
[    1.514588] Segment Routing with IPv6
[    1.517631] NET: Registered protocol family 17
[    1.521407] Key type dns_resolver registered
[    1.525768] mce: Using 0 MCE banks
[    1.528669] RAS: Correctable Errors collector initialized.
[    1.532666] sched_clock: Marking stable (1532623833, 0)->(2301525119, -768901286)
[    1.543173] registered taskstats version 1
[    1.546729] Loading compiled-in X.509 certificates
[    1.554311] Loaded X.509 cert 'Build time autogenerated kernel key: c1c8ea2cd851660a7b5f89f76ba0bd3ce6817142'
[    1.561845] zswap: loaded using pool lzo/zbud
[    1.627943] Key type big_key registered
[    1.631085] Key type trusted registered
[    1.637286] Key type encrypted registered
[    1.640047] AppArmor: AppArmor sha1 policy hashing enabled
[    1.644480] ima: No TPM chip found, activating TPM-bypass! (rc=-19)
[    1.648912] ima: Allocated hash algorithm: sha1
[    1.652104] evm: HMAC attrs: 0x1
[    1.654674]   Magic number: 5:735:778
[    1.657779] rtc_cmos rtc_cmos: setting system clock to 2021-01-21 09:46:57 UTC (1611222417)
[    1.664255] BIOS EDD facility v0.16 2004-Jun-25, 0 devices found
[    1.668234] EDD information not available.
[    1.674591] Freeing unused kernel image memory: 2440K
[    1.693107] Write protecting the kernel read-only data: 20480k
[    1.698226] Freeing unused kernel image memory: 2008K
[    1.702329] Freeing unused kernel image memory: 1868K
[    1.712208] x86/mm: Checked W+X mappings: passed, no W+X pages found.
[    1.716661] x86/mm: Checking user space page tables
[    1.725561] x86/mm: Checked W+X mappings: passed, no W+X pages found.
Loading, please wait...
starting version 237
[    1.830023] Fusion MPT base driver 3.04.20
[    1.833121] Copyright (c) 1999-2008 LSI Corporation
[    1.855557] e1000: Intel(R) PRO/1000 Network Driver - version 7.3.21-k8-NAPI
[    1.861746] e1000: Copyright (c) 1999-2006 Intel Corporation.
[    1.880653] Fusion MPT SPI Host driver 3.04.20
[    2.078382] input: ImExPS/2 Generic Explorer Mouse as /devices/platform/i8042/serio1/input/input4
[    2.567496] e1000 0000:00:03.0 eth0: (PCI:33MHz:32-bit) 02:d3:a8:fb:02:de
[    2.573594] e1000 0000:00:03.0 eth0: Intel(R) PRO/1000 Network Connection
[    2.580501] mptbase: ioc0: Initiating bringup
[    2.584572] e1000 0000:00:03.0 enp0s3: renamed from eth0
[    2.695167] ioc0: LSI53C1030 A0: Capabilities={Initiator}
[    2.972415] scsi host2: ioc0: LSI53C1030 A0, FwRev=00000000h, Ports=1, MaxQ=256, IRQ=20
[    3.146939] scsi 2:0:0:0: Direct-Access     VBOX     HARDDISK         1.0  PQ: 0 ANSI: 5
[    3.189090] scsi target2:0:0: Beginning Domain Validation
[    3.200191] scsi target2:0:0: Domain Validation skipping write tests
[    3.204718] scsi target2:0:0: Ending Domain Validation
[    3.208920] scsi target2:0:0: asynchronous
[    3.214073] scsi 2:0:1:0: Direct-Access     VBOX     HARDDISK         1.0  PQ: 0 ANSI: 5
[    3.248682] scsi target2:0:1: Beginning Domain Validation
[    3.268720] random: fast init done
[    3.276452] scsi target2:0:1: Domain Validation skipping write tests
[    3.281017] scsi target2:0:1: Ending Domain Validation
[    3.285108] scsi target2:0:1: asynchronous
[    3.300398] random: systemd-udevd: uninitialized urandom read (16 bytes read)
[    3.306745] random: systemd-udevd: uninitialized urandom read (16 bytes read)
[    3.306869] sd 2:0:0:0: Attached scsi generic sg0 type 0
[    3.313011] random: systemd-udevd: uninitialized urandom read (16 bytes read)
[    3.324583] sd 2:0:0:0: [sda] 83886080 512-byte logical blocks: (42.9 GB/40.0 GiB)
[    3.325026] sd 2:0:1:0: Attached scsi generic sg1 type 0
[    3.336653] sd 2:0:0:0: [sda] Write Protect is off
[    3.342213] sd 2:0:1:0: [sdb] 20480 512-byte logical blocks: (10.5 MB/10.0 MiB)
[    3.347584] sd 2:0:0:0: [sda] Incomplete mode parameter data
[    3.352854] sd 2:0:0:0: [sda] Assuming drive cache: write through
[    3.357298] sd 2:0:1:0: [sdb] Write Protect is off
[    3.361823] sd 2:0:1:0: [sdb] Incomplete mode parameter data
[    3.365963] sd 2:0:1:0: [sdb] Assuming drive cache: write through
[    3.381416]  sda: sda1
[    3.388067] sd 2:0:0:0: [sda] Attached SCSI disk
[    3.392588] sd 2:0:1:0: [sdb] Attached SCSI disk
Begin: Loading essential drivers ... [    5.619076] raid6: sse2x1   gen() 39446 MB/s
[    6.621979] raid6: sse2x1   xor() 217636 MB/s
[    8.617513] raid6: sse2x2   gen() 359540 MB/s
[   10.618088] raid6: sse2x2   xor() 255375 MB/s
[   10.682678] raid6: sse2x4   gen() 22373 MB/s
[   10.736413] raid6: sse2x4   xor() 11804 MB/s
[   10.739434] raid6: using algorithm sse2x2 gen() 359540 MB/s
[   10.744241] raid6: .... xor() 255375 MB/s, rmw enabled
[   10.747822] raid6: using ssse3x2 recovery algorithm
[   10.754222] xor: measuring software checksum speed
[   10.865318]    prefetch64-sse: 51036.000 MB/sec
[   10.961955]    generic_sse: 49982.000 MB/sec
[   10.965210] xor: using function: prefetch64-sse (51036.000 MB/sec)
[   10.971474] async_tx: api initialized (async)
done.
Begin: Running /scripts/init-premount ... done.
Begin: Mounting root file system ... Begin: Running /scripts/local-top ... done.
Begin: Running /scripts/local-premount ... [   11.025289] Btrfs loaded, crc32c=crc32c-intel
Scanning for Btrfs filesystems
done.
Warning: fsck not present, so skipping root file system
[   11.094114] EXT4-fs (sda1): mounted filesystem with ordered data mode. Opts: (null)
done.
Begin: Running /scripts/local-bottom ... done.
Begin: Running /scripts/init-bottom ... done.
[   11.321922] ip_tables: (C) 2000-2006 Netfilter Core Team
[   11.340036] systemd[1]: systemd 237 running in system mode. (+PAM +AUDIT +SELINUX +IMA +APPARMOR +SMACK +SYSVINIT +UTMP +LIBCRYPTSETUP +GCRYPT +GNUTLS +ACL +XZ +LZ4 +SECCOMP +BLKID +ELFUTILS +KMOD -IDN2 +IDN -PCRE2 default-hierarchy=hybrid)
[   11.358703] systemd[1]: Detected virtualization oracle.
[   11.362794] systemd[1]: Detected architecture x86-64.

Welcome to [1mUbuntu 18.04.5 LTS[0m!

[   11.397850] systemd[1]: Set hostname to <ubuntu>.
[   11.411971] systemd[1]: Initializing machine ID from random generator.
[   11.418130] systemd[1]: Installed transient /etc/machine-id file.
[   11.799430] systemd[1]: Created slice System Slice.
[[0;32m  OK  [0m] Created slice System Slice.
[   11.807620] systemd[1]: Reached target System Time Synchronized.
[[0;32m  OK  [0m] Reached target System Time Synchronized.
[   11.817202] systemd[1]: Listening on Syslog Socket.
[[0;32m  OK  [0m] Listening on Syslog Socket.
[   11.824788] systemd[1]: Reached target User and Group Name Lookups.
[[0;32m  OK  [0m] Reached target User and Group Name Lookups.
[[0;32m  OK  [0m] Listening on udev Kernel Socket.
[[0;32m  OK  [0m] Created slice system-serial\x2dgetty.slice.
[[0;32m  OK  [0m] Listening on LVM2 metadata daemon socket.
[[0;32m  OK  [0m] Listening on Journal Audit Socket.
[[0;32m  OK  [0m] Started Forward Password Requests to Wall Directory Watch.
[[0;32m  OK  [0m] Listening on /dev/initctl Compatibility Named Pipe.
[[0;32m  OK  [0m] Listening on Device-mapper event daemon FIFOs.
[[0;32m  OK  [0m] Set up automount Arbitrary Executabâ€¦rmats File System Automount Point.
[[0;32m  OK  [0m] Listening on udev Control Socket.
[[0;32m  OK  [0m] Created slice User and Session Slice.
[[0;32m  OK  [0m] Listening on LVM2 poll daemon socket.
[[0;32m  OK  [0m] Reached target Slices.
[[0;32m  OK  [0m] Listening on Journal Socket (/dev/log).
[[0;32m  OK  [0m] Listening on Journal Socket.
         Starting udev Coldplug all Devices...
         Mounting Huge Pages File System...
         Starting Set the console keyboard layout...
         Mounting POSIX Message Queue File System...
         Starting Remount Root and Kernel File Systems...
         Starting Journal Service...
         Starting Create list of required stâ€¦ce nodes for the current kernel...
         Mounting Kernel Debug File System...
         Starting Load Kernel Modules...
[   11.977559] EXT4-fs (sda1): re-mounted. Opts: (null)
         Starting Uncomplicated firewall...
         Starting Monitoring of LVM2 mirrorsâ€¦ng dmeventd or progress polling...
[   11.997975] Loading iSCSI transport class v2.0-870.
[   12.008664] iscsi: registered transport (tcp)
[[0;32m  OK  [0m] Listening on Network Service Netlink Socket.
[[0;32m  OK  [0m] Reached target Swap.
[[0;32m  OK  [0m] Started Journal Service.
[[0;32m  OK  [0m] Mounted Huge Pages File System.
[[0;32m  OK  [0m] Mounted POSIX Message Queue File System.
[[0;32m  OK  [0m] Started Remount Root and Kernel File Systems.
[[0;32m  OK  [0m] Started Create list of required staâ€¦vice nodes for the current kernel.
[[0;32m  OK  [0m] Mounted Kernel Debug File System.
[[0;32m  OK  [0m] Started Uncomplicated firewall.
[[0;32m  OK  [0m] Started LVM2 metadata daemon.
         Starting Create Static Device Nodes in /dev...
         Starting Load/Save Random Seed...
         Starting Flush Journal to Persistent Storage...
[[0;32m  OK  [0m] Started Create Static Device Nodes in /dev.
         Starting udev Kernel Device Manager...
[[0;32m  OK  [0m] Started udev Coldplug all Devices.
[[0;32m  OK  [0m] Started Load/Save Random Seed.
[   12.198665] iscsi: registered transport (iser)
[[0;32m  OK  [0m] Started Load Kernel Modules.
         Starting Apply Kernel Variables...
         Mounting FUSE Control File System...
         Mounting Kernel Configuration File System...
[[0;32m  OK  [0m] Mounted FUSE Control File System.
[[0;32m  OK  [0m] Mounted Kernel Configuration File System.
[   12.225586] systemd-journald[380]: Received request to flush runtime journal from PID 1
[[0;32m  OK  [0m] Started udev Kernel Device Manager.
[[0;32m  OK  [0m] Started Set the console keyboard layout.
[[0;32m  OK  [0m] Started Dispatch Password Requests to Console Directory Watch.
[[0;32m  OK  [0m] Reached target Local Encrypted Volumes.
[[0;32m  OK  [0m] Started Apply Kernel Variables.
[[0;32m  OK  [0m] Started Monitoring of LVM2 mirrors,â€¦sing dmeventd or progress polling.
[[0;32m  OK  [0m] Reached target Local File Systems (Pre).
[[0;32m  OK  [0m] Reached target Local File Systems.
         Starting Tell Plymouth To Write Out Runtime Data...
         Starting AppArmor initialization...
         Starting Set console font and keymap...
         Starting Commit a transient machine-id on disk...
         Starting ebtables ruleset management...
[[0;32m  OK  [0m] Started Flush Journal to Persistent Storage.
         Starting Create Volatile Files and Directories...
[[0;32m  OK  [0m] Started Tell Plymouth To Write Out Runtime Data.
[[0;32m  OK  [0m] Started Set console font and keymap.
[[0;32m  OK  [0m] Started Create Volatile Files and Directories.
         Starting Update UTMP about System Boot/Shutdown...
[[0;32m  OK  [0m] Started Update UTMP about System Boot/Shutdown.
[[0;32m  OK  [0m] Started Commit a transient machine-id on disk.
[[0;32m  OK  [0m] Started ebtables ruleset management.
[[0;32m  OK  [0m] Found device /dev/ttyS0.
[[0;32m  OK  [0m] Listening on Load/Save RF Kill Switch Status /dev/rfkill Watch.
[[0;32m  OK  [0m] Started AppArmor initialization.
         Starting Initial cloud-init job (pre-networking)...
         Starting Load AppArmor profiles managed internally by snapd...
[[0;32m  OK  [0m] Started Load AppArmor profiles managed internally by snapd.
[   14.769901] cloud-init[523]: Cloud-init v. 20.4-0ubuntu1~18.04.2 running 'init-local' at Thu, 21 Jan 2021 09:47:10 +0000. Up 14.34 seconds.
[[0;32m  OK  [0m] Started Initial cloud-init job (pre-networking).
[[0;32m  OK  [0m] Reached target Network (Pre).
         Starting Network Service...
[[0;32m  OK  [0m] Started Network Service.
         Starting Network Name Resolution...
         Starting Wait for Network to be Configured...
[[0;32m  OK  [0m] Started Network Name Resolution.
[[0;32m  OK  [0m] Reached target Network.
[[0;32m  OK  [0m] Reached target Host and Network Name Lookups.
[[0;32m  OK  [0m] Started Wait for Network to be Configured.
         Starting Initial cloud-init job (metadata service crawler)...
[   17.380433] cloud-init[647]: Cloud-init v. 20.4-0ubuntu1~18.04.2 running 'init' at Thu, 21 Jan 2021 09:47:13 +0000. Up 17.25 seconds.
[   17.385552] cloud-init[647]: ci-info: +++++++++++++++++++++++++++++++++++++Net device info++++++++++++++++++++++++++++++++++++++
[   17.389490] cloud-init[647]: ci-info: +--------+------+---------------------------+---------------+--------+-------------------+
[   17.393306] cloud-init[647]: ci-info: | Device |  Up  |          Address          |      Mask     | Scope  |     Hw-Address    |
[   17.397944] cloud-init[647]: ci-info: +--------+------+---------------------------+---------------+--------+-------------------+
[   17.402501] cloud-init[647]: ci-info: | enp0s3 | True |         10.0.2.15         | 255.255.255.0 | global | 02:d3:a8:fb:02:de |
[   17.406385] cloud-init[647]: ci-info: | enp0s3 | True | fe80::d3:a8ff:fefb:2de/64 |       .       |  link  | 02:d3:a8:fb:02:de |
[   17.410159] cloud-init[647]: ci-info: |   lo   | True |         127.0.0.1         |   255.0.0.0   |  host  |         .         |
[   17.414038] cloud-init[647]: ci-info: |   lo   | True |          ::1/128          |       .       |  host  |         .         |
[   17.418264] cloud-init[647]: ci-info: +--------+------+---------------------------+---------------+--------+-------------------+
[   17.427250] cloud-init[647]: ci-info: ++++++++++++++++++++++++++++Route IPv4 info+++++++++++++++++++++++++++++
[   17.434459] cloud-init[647]: ci-info: +-------+-------------+----------+-----------------+-----------+-------+
[   17.440196] cloud-init[647]: ci-info: | Route | Destination | Gateway  |     Genmask     | Interface | Flags |
[   17.446462] cloud-init[647]: ci-info: +-------+-------------+----------+-----------------+-----------+-------+
[   17.452771] cloud-init[647]: ci-info: |   0   |   0.0.0.0   | 10.0.2.2 |     0.0.0.0     |   enp0s3  |   UG  |
[   17.457048] cloud-init[647]: ci-info: |   1   |   10.0.2.0  | 0.0.0.0  |  255.255.255.0  |   enp0s3  |   U   |
[   17.461745] cloud-init[647]: ci-info: |   2   |   10.0.2.2  | 0.0.0.0  | 255.255.255.255 |   enp0s3  |   UH  |
[   17.467445] cloud-init[647]: ci-info: +-------+-------------+----------+-----------------+-----------+-------+
[   17.472848] cloud-init[647]: ci-info: +++++++++++++++++++Route IPv6 info+++++++++++++++++++
[   17.486035] cloud-init[647]: ci-info: +-------+-------------+---------+-----------+-------+
[   17.497821] cloud-init[647]: ci-info: | Route | Destination | Gateway | Interface | Flags |
[   17.509010] cloud-init[647]: ci-info: +-------+-------------+---------+-----------+-------+
[   17.518068] cloud-init[647]: ci-info: |   1   |  fe80::/64  |    ::   |   enp0s3  |   U   |
[   17.525278] cloud-init[647]: ci-info: |   3   |    local    |    ::   |   enp0s3  |   U   |
[   17.533002] cloud-init[647]: ci-info: |   4   |   ff00::/8  |    ::   |   enp0s3  |   U   |
[   17.539159] cloud-init[647]: ci-info: +-------+-------------+---------+-----------+-------+
[   18.486019] cloud-init[647]: Generating public/private rsa key pair.
[   18.491389] cloud-init[647]: Your identification has been saved in /etc/ssh/ssh_host_rsa_key.
[   18.497726] cloud-init[647]: Your public key has been saved in /etc/ssh/ssh_host_rsa_key.pub.
[   18.503440] cloud-init[647]: The key fingerprint is:
[   18.507952] cloud-init[647]: SHA256:sF6jt2rAMwQYFhN5/HMRITIUX/iA+r7ZuolA8gg8S0I root@ubuntu-bionic
[   18.513934] cloud-init[647]: The key's randomart image is:
[   18.518479] cloud-init[647]: +---[RSA 2048]----+
[   18.522622] cloud-init[647]: |.B*=o..+o        |
[   18.527182] cloud-init[647]: |o.o++oo.         |
[   18.532518] cloud-init[647]: | Eo...+ .        |[
[   18.537283] cloud-init[647]: |o.  .o =         |
[   18.537493] cloud-init[647]: |+=.o  + S        |
[   18.537530] cloud-init[647]: |*oo.=. o .       |
[   18.538349] cloud-init[647]: |o.o  +o .        |
[   18.538745] cloud-init[647]: |. ..+ .. .       |
[   18.539100] cloud-init[647]: | . *+o...        |
[   18.539531] cloud-init[647]: +----[SHA256]-----+
[   18.539882] cloud-init[647]: Generating public/private dsa key pair.
[   18.540703] cloud-init[647]: Your identification has been saved in /etc/ssh/ssh_host_dsa_key.
[   18.541055] cloud-init[647]: Your public key has been saved in /etc/ssh/ssh_host_dsa_key.pub.
[   18.541480] cloud-init[647]: The key fingerprint is:
[   18.541846] cloud-init[647]: SHA256:RZbnS0ksgFEihJ4Qd/fMPiuKBbgQhftbFFK3Mb2wHK0 root@ubuntu-bionic
[   18.542217] cloud-init[647]: The key's randomart image is:
[   18.542613] cloud-init[647]: +---[DSA 1024]----+
[   18.542993] cloud-init[647]: |.oo+= B*o.oo     |
[   18.543396] cloud-init[647]: |ooo..++Oooo +    |
[   18.543834] cloud-init[647]: |.+ o o.=+..= .   |
[   18.544815] cloud-init[647]: |.oo . E...  +    |
[   18.545101] cloud-init[647]: |o...    S  . .   |
[   18.545522] cloud-init[647]: |.....    o  .    |
[   18.545891] cloud-init[647]: |.  o. . .        |
[   18.546293] cloud-init[647]: |  .o . .         |
[   18.546684] cloud-init[647]: |  . .            |
[   18.547061] cloud-init[647]: +----[SHA256]-----+
[   18.547500] cloud-init[647]: Generating public/private ecdsa key pair.
[   18.547894] cloud-init[647]: Your identification has been saved in /etc/ssh/ssh_host_ecdsa_key.
[   18.548930] cloud-init[647]: Your public key has been saved in /etc/ssh/ssh_host_ecdsa_key.pub.
[   18.549194] cloud-init[647]: The key fingerprint is:
[   18.549560] cloud-init[647]: SHA256:FuOPcBFUMedgzK/dI5Eyzl42SwYg7bzEYH+eG+VeSRY root@ubuntu-bionic
[   18.549931] cloud-init[647]: The key's randomart image is:
[   18.550340] cloud-init[647]: +---[ECDSA 256]---+
[   18.550726] cloud-init[647]: |       oo+*..    |
[   18.551137] cloud-init[647]: |      + ooo=  E  |
[   18.551526] cloud-init[647]: |     . B+. ... . |
[   18.551899] cloud-init[647]: |       .*+= = o  |
[   18.553210] cloud-init[647]: |      ..S* X = . |
[   18.553563] cloud-init[647]: |       +.oB X =  |
[   18.553939] cloud-init[647]: |        ...O = . |
[   18.554318] cloud-init[647]: |          o o    |
[   18.554680] cloud-init[647]: |                 |
[   18.555118] cloud-init[647]: +----[SHA256]-----+
[   18.555486] cloud-init[647]: Generating public/private ed25519 key pair.
[   18.555852] cloud-init[647]: Your identification has been saved in /etc/ssh/ssh_host_ed25519_key.
[   18.556694] cloud-init[647]: Your public key has been saved in /etc/ssh/ssh_host_ed25519_key.pub.
[   18.557092] cloud-init[647]: The key fingerprint is:
[   18.557437] cloud-init[647]: SHA256:ITUmHNRwibNlh/h+XCVzR1q7tdNKr+79M2DjEbfjrio root@ubuntu-bionic
[   18.557798] cloud-init[647]: The key's randomart image is:
[   18.558198] cloud-init[647]: +--[ED25519 256]--+
[   18.558562] cloud-init[647]: |     o=*=o     .o|
[   18.558931] cloud-init[647]: |      ==*.. o ooo|
[   18.559308] cloud-init[647]: |      .*..   =.o.|
[   18.559667] cloud-init[647]: |      ....  .. .=|
[   18.560671] cloud-init[647]: |       .S. .  ++o|
[   18.561128] cloud-init[647]: |        . o  * =.|
[   18.561487] cloud-init[647]: |         .  o * o|
[   18.561848] cloud-init[647]: |         E   . * |
[   18.562290] cloud-init[647]: |          ...+*.*|
[   18.562608] cloud-init[647]: +----[SHA256]-----+
[0;32m  OK  [0m] Started Initial cloud-init job (metadata service crawler).
[[0;32m  OK  [0m] Reached target System Initialization.
[[0;32m  OK  [0m] Started Discard unused blocks once a week.
[[0;32m  OK  [0m] Started ACPI Events Check.
[[0;32m  OK  [0m] Started Daily apt download activities.
         Starting LXD - unix socket.
[[0;32m  OK  [0m] Started Daily apt upgrade and clean activities.
[[0;32m  OK  [0m] Listening on Open-iSCSI iscsid Socket.
[[0;32m  OK  [0m] Listening on UUID daemon activation socket.
[[0;32m  OK  [0m] Started Daily Cleanup of Temporary Directories.
[[0;32m  OK  [0m] Started Message of the Day.
[[0;32m  OK  [0m] Listening on ACPID Listen Socket.
[[0;32m  OK  [0m] Listening on D-Bus System Message Bus Socket.
         Starting Socket activation for snappy daemon.
[[0;32m  OK  [0m] Reached target Timers.
[[0;32m  OK  [0m] Reached target Paths.
[[0;32m  OK  [0m] Reached target Cloud-config availability.
[[0;32m  OK  [0m] Reached target Network is Online.
[[0;32m  OK  [0m] Reached target Remote File Systems (Pre).
[[0;32m  OK  [0m] Reached target Remote File Systems.
         Starting Availability of block devices...
[[0;32m  OK  [0m] Listening on LXD - unix socket.
[[0;32m  OK  [0m] Listening on Socket activation for snappy daemon.
[[0;32m  OK  [0m] Reached target Sockets.
[[0;32m  OK  [0m] Reached target Basic System.
         Starting Login Service...
         Starting LSB: Record successful boot for GRUB...
         Starting Dispatcher daemon for systemd-networkd...
         Starting Accounts Service...
         Starting Virtualbox guest utils...
[[0;32m  OK  [0m] Started Deferred execution scheduler.
         Starting Snap Daemon...
[[0;32m  OK  [0m] Started FUSE filesystem for LXC.
[[0;32m  OK  [0m] Started irqbalance daemon.
         Starting System Logging Service...
         Starting LSB: automatic crash report generation...
[[0;32m  OK  [0m] Started Regular background program processing daemon.
[[0;32m  OK  [0m] Started D-Bus System Message Bus.
         Starting Pollinate to seed the pseudo random number generator...
         Starting Permit User Sessions...
         Starting LXD - container startup/shutdown...
[[0;32m  OK  [0m] Started System Logging Service.
[[0;32m  OK  [0m] Started Availability of block devices.
[[0;32m  OK  [0m] Started Login Service.
[[0;32m  OK  [0m] Started Permit User Sessions.
         Starting Hold until boot process finishes up...
         Starting Terminate Plymouth Boot Screen...
         Starting Authorization Manager...
[[0;32m  OK  [0m] Started Unattended Upgrades Shutdown.
[[0;32m  OK  [0m] Started Hold until boot process finishes up.
[[0;32m  OK  [0m] Started Terminate Plymouth Boot Screen.
         Starting Set console scheme...
[[0;32m  OK  [0m] Started Serial Getty on ttyS0.
[[0;32m  OK  [0m] Started LSB: automatic crash report generation.
[[0;32m  OK  [0m] Started Set console scheme.
[[0;32m  OK  [0m] Created slice system-getty.slice.
[[0;32m  OK  [0m] Started Getty on tty1.
[[0;32m  OK  [0m] Reached target Login Prompts.
[[0;32m  OK  [0m] Started LSB: Record successful boot for GRUB.
[[0;32m  OK  [0m] Started Authorization Manager.
[[0;32m  OK  [0m] Started Accounts Service.
[[0;32m  OK  [0m] Started Virtualbox guest utils.
[[0;32m  OK  [0m] Started LXD - container startup/shutdown.
[[0;32m  OK  [0m] Started Dispatcher daemon for systemd-networkd.
[[0;32m  OK  [0m] Started Snap Daemon.
         Starting Wait until snapd is fully seeded...
[[0;32m  OK  [0m] Started Pollinate to seed the pseudo random number generator.
         Starting OpenBSD Secure Shell server...
[[0;32m  OK  [0m] Started OpenBSD Secure Shell server.
[[0;32m  OK  [0m] Created slice User Slice of vagrant.
         Starting User Manager for UID 1000...
[[0;32m  OK  [0m] Started Session 1 of user vagrant.
[[0;32m  OK  [0m] Started User Manager for UID 1000.

Ubuntu 18.04.5 LTS ubuntu-bionic ttyS0

ubuntu-bionic login: [   25.440157] cloud-init[1306]: Cloud-init v. 20.4-0ubuntu1~18.04.2 running 'modules:config' at Thu, 21 Jan 2021 09:47:20 +0000. Up 24.87 seconds.
ci-info: no authorized SSH keys fingerprints found for user ubuntu.
<14>Jan 21 09:47:21 ec2: 
<14>Jan 21 09:47:21 ec2: #############################################################
<14>Jan 21 09:47:21 ec2: -----BEGIN SSH HOST KEY FINGERPRINTS-----
<14>Jan 21 09:47:21 ec2: 1024 SHA256:RZbnS0ksgFEihJ4Qd/fMPiuKBbgQhftbFFK3Mb2wHK0 root@ubuntu-bionic (DSA)
<14>Jan 21 09:47:21 ec2: 256 SHA256:FuOPcBFUMedgzK/dI5Eyzl42SwYg7bzEYH+eG+VeSRY root@ubuntu-bionic (ECDSA)
<14>Jan 21 09:47:21 ec2: 256 SHA256:ITUmHNRwibNlh/h+XCVzR1q7tdNKr+79M2DjEbfjrio root@ubuntu-bionic (ED25519)
<14>Jan 21 09:47:21 ec2: 2048 SHA256:sF6jt2rAMwQYFhN5/HMRITIUX/iA+r7ZuolA8gg8S0I root@ubuntu-bionic (RSA)
<14>Jan 21 09:47:21 ec2: -----END SSH HOST KEY FINGERPRINTS-----
<14>Jan 21 09:47:21 ec2: #############################################################
-----BEGIN SSH HOST KEY KEYS-----
ecdsa-sha2-nistp256 AAAAE2VjZHNhLXNoYTItbmlzdHAyNTYAAAAIbmlzdHAyNTYAAABBBEWXpopF+Hemm9PiGLooX9XeCuyxuZ9lTBqo7/NoLrZdBC24asDZMfFY93YCdNA0oRGMqGgwfUdJrTlTfYMMwgU= root@ubuntu-bionic
ssh-ed25519 AAAAC3NzaC1lZDI1NTE5AAAAIF1EQb6CO+zhiZfYdOuXuK+Y1Iq0YWSZDdOoWAPeKvzt root@ubuntu-bionic
ssh-rsa AAAAB3NzaC1yc2EAAAADAQABAAABAQDYwMRmWjP/KTDIbWqtmvShNc2UvgcZshOTb+x37ej56kGcD0SPr/ksWTUYtiaR0HWvElwvFdEyjG9V0JbIq8w+edkWW7ZUN1FaPQ6OEKVH6B34dDO300Mz8GcIOiZYhNNQYUeWRx5pRvizV4yAeUNzq3h6Csr2HKQ1jo/vviSH2sKXOg7X9kUAXlq9zIcw0DwGflBPu/7hQqYGopR1Ffs1ng7ObtKpcZ6p+6mnm8DxfiMgbBXkmU9/47agoDUISW5rdQ8zHgcMvwHKcY+4Y7vGYYGQ2oov9jzbMzuKT/2ChLmmzx38vcpqJ5EIMDGaSBVi6EzE6iOukRU9KVfF7/UF root@ubuntu-bionic
-----END SSH HOST KEY KEYS-----
[   26.203139] cloud-init[1440]: Cloud-init v. 20.4-0ubuntu1~18.04.2 running 'modules:final' at Thu, 21 Jan 2021 09:47:21 +0000. Up 25.99 seconds.
[   26.211255] cloud-init[1440]: ci-info: no authorized SSH keys fingerprints found for user ubuntu.
[   26.219553] cloud-init[1440]: Cloud-init v. 20.4-0ubuntu1~18.04.2 finished at Thu, 21 Jan 2021 09:47:22 +0000. Datasource DataSourceNoCloud [seed=/dev/sdb][dsmode=net].  Up 26.19 seconds
